// Jest Snapshot v1, https://goo.gl/fbAQLP

exports[`Sprint 14 task Test App.js 1`] = `
<div>
  <h3>
    GitHub User Info
  </h3>
  <ul />
</div>
`;
